0/2375 images loaded.
500/2375 images loaded.
1000/2375 images loaded.
1500/2375 images loaded.
2000/2375 images loaded.
(512, 512, 3)
2375 train images loaded.
0/593 images loaded.
500/593 images loaded.
(512, 512, 3)
593 val images loaded.
[epoch 0] [iter 50 / 594 72.6s] [lr 0.099748] [train seg_loss 2.8050 bn_loss 0.4931 acc 75.16]
[epoch 0] [iter 100 / 594 141.6s] [lr 0.099495] [train seg_loss 2.7691 bn_loss 0.5159 acc 66.71]
[epoch 0] [iter 150 / 594 212.6s] [lr 0.099243] [train seg_loss 2.4616 bn_loss 0.4244 acc 82.29]
[epoch 0] [iter 200 / 594 284.4s] [lr 0.098992] [train seg_loss 2.4688 bn_loss 0.4368 acc 85.13]
[epoch 0] [iter 250 / 594 353.1s] [lr 0.098740] [train seg_loss 2.8994 bn_loss 0.4104 acc 84.61]
[epoch 0] [iter 300 / 594 424.5s] [lr 0.098489] [train seg_loss 2.3738 bn_loss 0.3530 acc 79.40]
[epoch 0] [iter 350 / 594 495.9s] [lr 0.098238] [train seg_loss 2.5710 bn_loss 0.3501 acc 75.77]
[epoch 0] [iter 400 / 594 566.3s] [lr 0.097987] [train seg_loss 2.9794 bn_loss 0.4690 acc 73.42]
[epoch 0] [iter 450 / 594 637.5s] [lr 0.097736] [train seg_loss 2.4548 bn_loss 0.4192 acc 77.38]
[epoch 0] [iter 500 / 594 707.6s] [lr 0.097485] [train seg_loss 3.0322 bn_loss 0.4701 acc 53.17]
[epoch 0] [iter 550 / 594 777.7s] [lr 0.097235] [train seg_loss 2.5825 bn_loss 0.4447 acc 80.60]
Prediction saved!
127.7s Val loss: 1.35 Fscd: 14.88 IoU: 12.70 Sek: 0.95 Accuracy: 12.71
Total time: 965.7s Best rec: Train acc 78.06, Val Fscd 14.88 acc 12.71 loss 1.3485
[epoch 1] [iter 50 / 594 69.2s] [lr 0.096765] [train seg_loss 2.3232 bn_loss 0.4403 acc 82.53]
[epoch 1] [iter 100 / 594 139.7s] [lr 0.096516] [train seg_loss 2.4451 bn_loss 0.3616 acc 80.85]
[epoch 1] [iter 150 / 594 210.1s] [lr 0.096266] [train seg_loss 3.3701 bn_loss 0.4782 acc 69.41]
[epoch 1] [iter 200 / 594 279.4s] [lr 0.096017] [train seg_loss 2.4487 bn_loss 0.3629 acc 77.40]
[epoch 1] [iter 250 / 594 349.8s] [lr 0.095768] [train seg_loss 2.6296 bn_loss 0.4576 acc 70.84]
[epoch 1] [iter 300 / 594 418.0s] [lr 0.095519] [train seg_loss 2.5491 bn_loss 0.4812 acc 74.87]
[epoch 1] [iter 350 / 594 488.0s] [lr 0.095270] [train seg_loss 2.9248 bn_loss 0.4776 acc 75.41]
[epoch 1] [iter 400 / 594 559.0s] [lr 0.095022] [train seg_loss 2.3590 bn_loss 0.3720 acc 83.49]
[epoch 1] [iter 450 / 594 630.7s] [lr 0.094774] [train seg_loss 2.7518 bn_loss 0.3132 acc 79.69]
[epoch 1] [iter 500 / 594 700.7s] [lr 0.094526] [train seg_loss 2.7194 bn_loss 0.2964 acc 76.54]
[epoch 1] [iter 550 / 594 771.1s] [lr 0.094278] [train seg_loss 2.7116 bn_loss 0.4328 acc 81.93]
124.2s Val loss: 1.36 Fscd: 9.82 IoU: 9.86 Sek: -0.03 Accuracy: 5.88
Total time: 1923.0s Best rec: Train acc 78.23, Val Fscd 14.88 acc 12.71 loss 1.3485
[epoch 2] [iter 50 / 594 68.6s] [lr 0.093813] [train seg_loss 3.1097 bn_loss 0.3922 acc 73.40]
[epoch 2] [iter 100 / 594 137.6s] [lr 0.093566] [train seg_loss 2.5960 bn_loss 0.3712 acc 82.82]
[epoch 2] [iter 150 / 594 206.4s] [lr 0.093319] [train seg_loss 2.4131 bn_loss 0.3226 acc 87.66]
[epoch 2] [iter 200 / 594 275.9s] [lr 0.093072] [train seg_loss 3.1037 bn_loss 0.5286 acc 64.29]
[epoch 2] [iter 250 / 594 344.8s] [lr 0.092826] [train seg_loss 2.6004 bn_loss 0.3273 acc 83.87]
[epoch 2] [iter 300 / 594 413.2s] [lr 0.092580] [train seg_loss 2.4990 bn_loss 0.3785 acc 86.66]
[epoch 2] [iter 350 / 594 481.5s] [lr 0.092334] [train seg_loss 2.4008 bn_loss 0.5342 acc 70.20]
[epoch 2] [iter 400 / 594 550.5s] [lr 0.092088] [train seg_loss 1.8473 bn_loss 0.4035 acc 85.12]
[epoch 2] [iter 450 / 594 619.5s] [lr 0.091842] [train seg_loss 2.2720 bn_loss 0.4029 acc 81.25]
[epoch 2] [iter 500 / 594 687.8s] [lr 0.091597] [train seg_loss 1.6437 bn_loss 0.4499 acc 74.96]
[epoch 2] [iter 550 / 594 755.7s] [lr 0.091352] [train seg_loss 1.9330 bn_loss 0.4208 acc 80.39]
126.6s Val loss: 0.95 Fscd: 37.30 IoU: 59.06 Sek: 2.67 Accuracy: 81.75
Total time: 2864.9s Best rec: Train acc 79.24, Val Fscd 37.30 acc 81.75 loss 0.9537
[epoch 3] [iter 50 / 594 67.4s] [lr 0.090892] [train seg_loss 1.6540 bn_loss 0.4895 acc 83.09]
[epoch 3] [iter 100 / 594 133.7s] [lr 0.090647] [train seg_loss 1.4438 bn_loss 0.4015 acc 86.86]
[epoch 3] [iter 150 / 594 200.4s] [lr 0.090403] [train seg_loss 1.5258 bn_loss 0.3578 acc 85.03]
[epoch 3] [iter 200 / 594 266.6s] [lr 0.090159] [train seg_loss 2.2980 bn_loss 0.4835 acc 79.60]
[epoch 3] [iter 250 / 594 334.5s] [lr 0.089915] [train seg_loss 1.4521 bn_loss 0.3656 acc 79.33]
[epoch 3] [iter 300 / 594 400.5s] [lr 0.089671] [train seg_loss 2.3526 bn_loss 0.5583 acc 81.64]
[epoch 3] [iter 350 / 594 467.7s] [lr 0.089428] [train seg_loss 2.0178 bn_loss 0.5081 acc 68.97]
[epoch 3] [iter 400 / 594 534.7s] [lr 0.089185] [train seg_loss 2.9645 bn_loss 0.4861 acc 77.55]
[epoch 3] [iter 450 / 594 601.6s] [lr 0.088942] [train seg_loss 2.9216 bn_loss 0.4311 acc 72.19]
[epoch 3] [iter 500 / 594 667.9s] [lr 0.088699] [train seg_loss 1.9005 bn_loss 0.3811 acc 84.00]
[epoch 3] [iter 550 / 594 735.0s] [lr 0.088457] [train seg_loss 3.6959 bn_loss 0.4479 acc 76.12]
121.5s Val loss: 0.89 Fscd: 40.52 IoU: 59.64 Sek: 5.48 Accuracy: 83.81
Total time: 3780.2s Best rec: Train acc 81.42, Val Fscd 40.52 acc 83.81 loss 0.8918
[epoch 4] [iter 50 / 594 65.2s] [lr 0.088001] [train seg_loss 1.3703 bn_loss 0.3461 acc 85.83]
[epoch 4] [iter 100 / 594 130.2s] [lr 0.087759] [train seg_loss 1.9577 bn_loss 0.3687 acc 84.96]
[epoch 4] [iter 150 / 594 197.6s] [lr 0.087518] [train seg_loss 1.5448 bn_loss 0.4273 acc 84.32]
[epoch 4] [iter 200 / 594 263.2s] [lr 0.087276] [train seg_loss 1.3344 bn_loss 0.3856 acc 69.69]
[epoch 4] [iter 250 / 594 328.7s] [lr 0.087035] [train seg_loss 1.7610 bn_loss 0.4357 acc 76.39]
[epoch 4] [iter 300 / 594 395.2s] [lr 0.086794] [train seg_loss 1.5676 bn_loss 0.3545 acc 82.99]
[epoch 4] [iter 350 / 594 462.1s] [lr 0.086553] [train seg_loss 1.3053 bn_loss 0.3738 acc 88.77]
[epoch 4] [iter 400 / 594 529.8s] [lr 0.086313] [train seg_loss 1.4548 bn_loss 0.3245 acc 88.63]
[epoch 4] [iter 450 / 594 597.0s] [lr 0.086072] [train seg_loss 2.0995 bn_loss 0.4332 acc 72.98]
[epoch 4] [iter 500 / 594 663.5s] [lr 0.085832] [train seg_loss 1.7636 bn_loss 0.3145 acc 89.65]
[epoch 4] [iter 550 / 594 730.8s] [lr 0.085592] [train seg_loss 1.3724 bn_loss 0.3779 acc 84.15]
127.3s Val loss: 0.87 Fscd: 43.42 IoU: 60.80 Sek: 7.08 Accuracy: 84.31
Total time: 4697.3s Best rec: Train acc 82.07, Val Fscd 43.42 acc 84.31 loss 0.8714
[epoch 5] [iter 50 / 594 69.7s] [lr 0.085142] [train seg_loss 1.7644 bn_loss 0.3081 acc 85.69]
[epoch 5] [iter 100 / 594 139.0s] [lr 0.084903] [train seg_loss 1.8969 bn_loss 0.4126 acc 85.22]
[epoch 5] [iter 150 / 594 208.1s] [lr 0.084664] [train seg_loss 1.6159 bn_loss 0.4201 acc 70.35]
[epoch 5] [iter 200 / 594 278.0s] [lr 0.084425] [train seg_loss 1.5143 bn_loss 0.2732 acc 84.94]
[epoch 5] [iter 250 / 594 347.3s] [lr 0.084186] [train seg_loss 1.4810 bn_loss 0.4872 acc 78.64]
[epoch 5] [iter 300 / 594 415.1s] [lr 0.083948] [train seg_loss 2.2234 bn_loss 0.4094 acc 79.78]
[epoch 5] [iter 350 / 594 483.3s] [lr 0.083710] [train seg_loss 1.4640 bn_loss 0.3944 acc 86.88]
[epoch 5] [iter 400 / 594 552.4s] [lr 0.083472] [train seg_loss 1.6131 bn_loss 0.3165 acc 82.88]
[epoch 5] [iter 450 / 594 620.8s] [lr 0.083234] [train seg_loss 1.4466 bn_loss 0.4046 acc 86.40]
[epoch 5] [iter 500 / 594 689.9s] [lr 0.082997] [train seg_loss 2.1470 bn_loss 0.4947 acc 70.84]
[epoch 5] [iter 550 / 594 758.8s] [lr 0.082760] [train seg_loss 1.5313 bn_loss 0.4026 acc 73.51]
Prediction saved!
129.1s Val loss: 0.84 Fscd: 45.19 IoU: 62.23 Sek: 6.73 Accuracy: 83.26
Total time: 5647.3s Best rec: Train acc 82.29, Val Fscd 45.19 acc 83.26 loss 0.8378
[epoch 6] [iter 50 / 594 69.3s] [lr 0.082315] [train seg_loss 1.5802 bn_loss 0.3640 acc 86.12]
[epoch 6] [iter 100 / 594 138.8s] [lr 0.082078] [train seg_loss 1.7957 bn_loss 0.4496 acc 84.70]
[epoch 6] [iter 150 / 594 207.7s] [lr 0.081842] [train seg_loss 1.4460 bn_loss 0.3912 acc 74.93]
[epoch 6] [iter 200 / 594 274.8s] [lr 0.081606] [train seg_loss 1.1446 bn_loss 0.2584 acc 92.09]
[epoch 6] [iter 250 / 594 344.5s] [lr 0.081370] [train seg_loss 1.1717 bn_loss 0.3715 acc 82.19]
[epoch 6] [iter 300 / 594 414.6s] [lr 0.081134] [train seg_loss 1.6127 bn_loss 0.3180 acc 81.53]
[epoch 6] [iter 350 / 594 484.5s] [lr 0.080899] [train seg_loss 0.9700 bn_loss 0.3461 acc 85.71]
[epoch 6] [iter 400 / 594 552.8s] [lr 0.080663] [train seg_loss 1.9107 bn_loss 0.3732 acc 86.88]
[epoch 6] [iter 450 / 594 621.8s] [lr 0.080429] [train seg_loss 1.8928 bn_loss 0.4616 acc 70.38]
[epoch 6] [iter 500 / 594 690.1s] [lr 0.080194] [train seg_loss 2.1445 bn_loss 0.4487 acc 81.31]
[epoch 6] [iter 550 / 594 756.6s] [lr 0.079959] [train seg_loss 2.9558 bn_loss 0.4828 acc 77.03]
127.3s Val loss: 0.80 Fscd: 47.05 IoU: 63.53 Sek: 8.21 Accuracy: 81.86
Total time: 6592.5s Best rec: Train acc 82.52, Val Fscd 47.05 acc 81.86 loss 0.8046
[epoch 7] [iter 50 / 594 69.2s] [lr 0.079519] [train seg_loss 1.4601 bn_loss 0.3869 acc 86.63]
[epoch 7] [iter 100 / 594 137.5s] [lr 0.079285] [train seg_loss 2.3604 bn_loss 0.4044 acc 73.32]
[epoch 7] [iter 150 / 594 206.3s] [lr 0.079052] [train seg_loss 1.7116 bn_loss 0.4827 acc 78.63]
[epoch 7] [iter 200 / 594 273.3s] [lr 0.078818] [train seg_loss 2.3664 bn_loss 0.4274 acc 84.56]
[epoch 7] [iter 250 / 594 340.2s] [lr 0.078585] [train seg_loss 1.5227 bn_loss 0.5022 acc 83.89]
[epoch 7] [iter 300 / 594 406.3s] [lr 0.078352] [train seg_loss 1.5634 bn_loss 0.4303 acc 86.82]
[epoch 7] [iter 350 / 594 475.7s] [lr 0.078119] [train seg_loss 1.9358 bn_loss 0.3282 acc 80.09]
[epoch 7] [iter 400 / 594 544.7s] [lr 0.077887] [train seg_loss 1.8391 bn_loss 0.4424 acc 80.31]
[epoch 7] [iter 450 / 594 614.5s] [lr 0.077655] [train seg_loss 2.3156 bn_loss 0.4812 acc 81.62]
[epoch 7] [iter 500 / 594 682.0s] [lr 0.077423] [train seg_loss 2.0579 bn_loss 0.3722 acc 84.02]
[epoch 7] [iter 550 / 594 749.8s] [lr 0.077191] [train seg_loss 1.6009 bn_loss 0.4578 acc 83.09]
128.8s Val loss: 0.79 Fscd: 50.17 IoU: 65.75 Sek: 10.62 Accuracy: 83.54
Total time: 7530.7s Best rec: Train acc 82.64, Val Fscd 50.17 acc 83.54 loss 0.7871
[epoch 8] [iter 50 / 594 68.2s] [lr 0.076756] [train seg_loss 1.7215 bn_loss 0.3584 acc 88.51]
[epoch 8] [iter 100 / 594 137.5s] [lr 0.076525] [train seg_loss 1.6512 bn_loss 0.3166 acc 79.93]
[epoch 8] [iter 150 / 594 206.9s] [lr 0.076294] [train seg_loss 1.0422 bn_loss 0.3166 acc 87.23]
[epoch 8] [iter 200 / 594 275.4s] [lr 0.076063] [train seg_loss 1.2476 bn_loss 0.3594 acc 83.06]
[epoch 8] [iter 250 / 594 344.2s] [lr 0.075833] [train seg_loss 1.1633 bn_loss 0.3267 acc 86.25]
[epoch 8] [iter 300 / 594 409.2s] [lr 0.075603] [train seg_loss 1.6495 bn_loss 0.2557 acc 84.94]
[epoch 8] [iter 350 / 594 475.2s] [lr 0.075373] [train seg_loss 1.3679 bn_loss 0.3443 acc 82.27]
[epoch 8] [iter 400 / 594 539.9s] [lr 0.075143] [train seg_loss 2.2573 bn_loss 0.4625 acc 83.48]
[epoch 8] [iter 450 / 594 607.4s] [lr 0.074914] [train seg_loss 1.6933 bn_loss 0.2385 acc 85.46]
[epoch 8] [iter 500 / 594 675.3s] [lr 0.074684] [train seg_loss 3.0056 bn_loss 0.3703 acc 84.43]
[epoch 8] [iter 550 / 594 741.7s] [lr 0.074455] [train seg_loss 2.0072 bn_loss 0.3272 acc 85.17]
127.8s Val loss: 0.81 Fscd: 46.62 IoU: 63.80 Sek: 7.96 Accuracy: 83.49
Total time: 8459.5s Best rec: Train acc 82.87, Val Fscd 50.17 acc 83.54 loss 0.7871
[epoch 9] [iter 50 / 594 64.8s] [lr 0.074026] [train seg_loss 1.3915 bn_loss 0.2983 acc 85.85]
[epoch 9] [iter 100 / 594 130.3s] [lr 0.073797] [train seg_loss 1.6394 bn_loss 0.3583 acc 75.84]
[epoch 9] [iter 150 / 594 194.0s] [lr 0.073569] [train seg_loss 1.8208 bn_loss 0.4482 acc 83.32]
[epoch 9] [iter 200 / 594 257.8s] [lr 0.073341] [train seg_loss 1.2609 bn_loss 0.3636 acc 81.20]
[epoch 9] [iter 250 / 594 321.5s] [lr 0.073114] [train seg_loss 1.8006 bn_loss 0.3604 acc 81.67]
[epoch 9] [iter 300 / 594 385.5s] [lr 0.072886] [train seg_loss 1.3540 bn_loss 0.4107 acc 87.67]
[epoch 9] [iter 350 / 594 446.5s] [lr 0.072659] [train seg_loss 2.2032 bn_loss 0.4294 acc 71.65]
[epoch 9] [iter 400 / 594 507.2s] [lr 0.072432] [train seg_loss 1.2528 bn_loss 0.3057 acc 80.93]
[epoch 9] [iter 450 / 594 568.7s] [lr 0.072206] [train seg_loss 1.4382 bn_loss 0.3294 acc 82.45]
[epoch 9] [iter 500 / 594 629.7s] [lr 0.071979] [train seg_loss 1.2634 bn_loss 0.3556 acc 85.36]
[epoch 9] [iter 550 / 594 690.3s] [lr 0.071753] [train seg_loss 1.2065 bn_loss 0.3202 acc 90.27]
103.9s Val loss: 0.80 Fscd: 46.57 IoU: 64.07 Sek: 8.41 Accuracy: 82.00
Total time: 9307.5s Best rec: Train acc 82.87, Val Fscd 50.17 acc 83.54 loss 0.7871
[epoch 10] [iter 50 / 594 61.0s] [lr 0.071328] [train seg_loss 1.5610 bn_loss 0.3374 acc 77.04]
[epoch 10] [iter 100 / 594 123.5s] [lr 0.071103] [train seg_loss 1.1336 bn_loss 0.3580 acc 81.08]
[epoch 10] [iter 150 / 594 185.1s] [lr 0.070878] [train seg_loss 1.2145 bn_loss 0.2808 acc 87.72]
[epoch 10] [iter 200 / 594 245.8s] [lr 0.070653] [train seg_loss 0.8690 bn_loss 0.2736 acc 89.62]
[epoch 10] [iter 250 / 594 306.9s] [lr 0.070428] [train seg_loss 1.3567 bn_loss 0.3527 acc 83.39]
[epoch 10] [iter 300 / 594 369.1s] [lr 0.070203] [train seg_loss 1.0928 bn_loss 0.2754 acc 91.04]
[epoch 10] [iter 350 / 594 430.2s] [lr 0.069979] [train seg_loss 1.2322 bn_loss 0.3267 acc 85.82]
[epoch 10] [iter 400 / 594 491.6s] [lr 0.069755] [train seg_loss 1.2494 bn_loss 0.2916 acc 86.21]
[epoch 10] [iter 450 / 594 552.4s] [lr 0.069531] [train seg_loss 2.6305 bn_loss 0.4391 acc 79.65]
[epoch 10] [iter 500 / 594 611.4s] [lr 0.069307] [train seg_loss 1.4181 bn_loss 0.3951 acc 86.96]
[epoch 10] [iter 550 / 594 673.2s] [lr 0.069084] [train seg_loss 1.1022 bn_loss 0.4260 acc 83.03]
Prediction saved!
100.3s Val loss: 0.76 Fscd: 47.52 IoU: 62.73 Sek: 8.31 Accuracy: 81.05
Total time: 10134.2s Best rec: Train acc 83.02, Val Fscd 50.17 acc 83.54 loss 0.7871
[epoch 11] [iter 50 / 594 59.9s] [lr 0.068665] [train seg_loss 1.7965 bn_loss 0.4537 acc 80.52]
[epoch 11] [iter 100 / 594 122.4s] [lr 0.068442] [train seg_loss 1.4815 bn_loss 0.3701 acc 83.80]
[epoch 11] [iter 150 / 594 187.0s] [lr 0.068220] [train seg_loss 1.0853 bn_loss 0.3587 acc 87.90]
[epoch 11] [iter 200 / 594 251.2s] [lr 0.067998] [train seg_loss 1.4277 bn_loss 0.4447 acc 75.23]
[epoch 11] [iter 250 / 594 315.0s] [lr 0.067776] [train seg_loss 2.1204 bn_loss 0.5122 acc 79.69]
[epoch 11] [iter 300 / 594 379.1s] [lr 0.067554] [train seg_loss 1.6478 bn_loss 0.3318 acc 83.84]
[epoch 11] [iter 350 / 594 444.7s] [lr 0.067332] [train seg_loss 1.7350 bn_loss 0.3689 acc 83.98]
[epoch 11] [iter 400 / 594 508.9s] [lr 0.067111] [train seg_loss 1.9247 bn_loss 0.4395 acc 66.51]
[epoch 11] [iter 450 / 594 573.2s] [lr 0.066890] [train seg_loss 2.3989 bn_loss 0.4075 acc 79.72]
[epoch 11] [iter 500 / 594 637.7s] [lr 0.066670] [train seg_loss 1.5937 bn_loss 0.3778 acc 82.25]
[epoch 11] [iter 550 / 594 702.0s] [lr 0.066449] [train seg_loss 2.3412 bn_loss 0.3452 acc 76.24]
117.2s Val loss: 0.79 Fscd: 46.45 IoU: 63.60 Sek: 7.91 Accuracy: 82.49
Total time: 11009.9s Best rec: Train acc 83.13, Val Fscd 50.17 acc 83.54 loss 0.7871
[epoch 12] [iter 50 / 594 64.0s] [lr 0.066035] [train seg_loss 1.5872 bn_loss 0.4494 acc 85.41]
[epoch 12] [iter 100 / 594 128.3s] [lr 0.065815] [train seg_loss 0.8758 bn_loss 0.2375 acc 92.92]
[epoch 12] [iter 150 / 594 191.3s] [lr 0.065596] [train seg_loss 1.6119 bn_loss 0.4667 acc 83.38]
[epoch 12] [iter 200 / 594 254.5s] [lr 0.065377] [train seg_loss 1.1068 bn_loss 0.3356 acc 84.52]
[epoch 12] [iter 250 / 594 318.7s] [lr 0.065158] [train seg_loss 1.4445 bn_loss 0.4280 acc 81.85]
[epoch 12] [iter 300 / 594 383.6s] [lr 0.064939] [train seg_loss 1.4490 bn_loss 0.3379 acc 86.17]
[epoch 12] [iter 350 / 594 448.2s] [lr 0.064720] [train seg_loss 1.4605 bn_loss 0.3680 acc 85.34]
[epoch 12] [iter 400 / 594 512.7s] [lr 0.064502] [train seg_loss 1.4359 bn_loss 0.5192 acc 79.39]
[epoch 12] [iter 450 / 594 576.5s] [lr 0.064284] [train seg_loss 1.4653 bn_loss 0.3331 acc 84.02]
[epoch 12] [iter 500 / 594 640.8s] [lr 0.064066] [train seg_loss 1.9258 bn_loss 0.3948 acc 81.67]
[epoch 12] [iter 550 / 594 704.6s] [lr 0.063848] [train seg_loss 1.6239 bn_loss 0.4108 acc 79.67]
110.0s Val loss: 0.74 Fscd: 51.53 IoU: 66.37 Sek: 11.72 Accuracy: 84.13
Total time: 11880.7s Best rec: Train acc 83.13, Val Fscd 51.53 acc 84.13 loss 0.7390
[epoch 13] [iter 50 / 594 63.0s] [lr 0.063440] [train seg_loss 1.2472 bn_loss 0.3517 acc 74.47]
[epoch 13] [iter 100 / 594 125.2s] [lr 0.063223] [train seg_loss 1.4468 bn_loss 0.3821 acc 80.23]
[epoch 13] [iter 150 / 594 186.4s] [lr 0.063007] [train seg_loss 1.4895 bn_loss 0.3783 acc 81.28]
[epoch 13] [iter 200 / 594 249.1s] [lr 0.062790] [train seg_loss 0.9108 bn_loss 0.3046 acc 86.37]
[epoch 13] [iter 250 / 594 312.0s] [lr 0.062574] [train seg_loss 1.1988 bn_loss 0.3601 acc 73.47]
[epoch 13] [iter 300 / 594 375.4s] [lr 0.062358] [train seg_loss 1.3597 bn_loss 0.4162 acc 81.56]
[epoch 13] [iter 350 / 594 438.2s] [lr 0.062143] [train seg_loss 1.2217 bn_loss 0.2840 acc 87.46]
[epoch 13] [iter 400 / 594 501.1s] [lr 0.061927] [train seg_loss 2.0230 bn_loss 0.3282 acc 77.72]
[epoch 13] [iter 450 / 594 563.6s] [lr 0.061712] [train seg_loss 1.6502 bn_loss 0.3045 acc 83.45]
[epoch 13] [iter 500 / 594 625.3s] [lr 0.061497] [train seg_loss 1.2070 bn_loss 0.3284 acc 86.95]
[epoch 13] [iter 550 / 594 687.2s] [lr 0.061283] [train seg_loss 1.9138 bn_loss 0.3243 acc 79.32]
107.6s Val loss: 0.75 Fscd: 48.15 IoU: 63.44 Sek: 8.70 Accuracy: 82.43
Total time: 12731.1s Best rec: Train acc 83.38, Val Fscd 51.53 acc 84.13 loss 0.7390
[epoch 14] [iter 50 / 594 61.9s] [lr 0.060880] [train seg_loss 1.9642 bn_loss 0.4502 acc 83.64]
[epoch 14] [iter 100 / 594 124.4s] [lr 0.060666] [train seg_loss 1.5950 bn_loss 0.4005 acc 79.09]
[epoch 14] [iter 150 / 594 186.1s] [lr 0.060452] [train seg_loss 0.9805 bn_loss 0.3542 acc 85.30]
[epoch 14] [iter 200 / 594 247.8s] [lr 0.060239] [train seg_loss 1.2295 bn_loss 0.4178 acc 81.51]
[epoch 14] [iter 250 / 594 310.4s] [lr 0.060026] [train seg_loss 1.1511 bn_loss 0.2653 acc 87.18]
[epoch 14] [iter 300 / 594 372.4s] [lr 0.059813] [train seg_loss 1.3076 bn_loss 0.3649 acc 83.92]
[epoch 14] [iter 350 / 594 434.4s] [lr 0.059600] [train seg_loss 1.1510 bn_loss 0.3149 acc 88.19]
[epoch 14] [iter 400 / 594 496.7s] [lr 0.059388] [train seg_loss 1.4069 bn_loss 0.2929 acc 84.06]
[epoch 14] [iter 450 / 594 559.3s] [lr 0.059176] [train seg_loss 1.4749 bn_loss 0.3268 acc 84.48]
[epoch 14] [iter 500 / 594 622.0s] [lr 0.058964] [train seg_loss 1.7299 bn_loss 0.4230 acc 78.89]
[epoch 14] [iter 550 / 594 684.1s] [lr 0.058752] [train seg_loss 1.5105 bn_loss 0.3904 acc 87.86]
114.3s Val loss: 0.86 Fscd: 43.32 IoU: 61.58 Sek: 5.56 Accuracy: 79.99
Total time: 13584.6s Best rec: Train acc 83.38, Val Fscd 51.53 acc 84.13 loss 0.7390
[epoch 15] [iter 50 / 594 62.5s] [lr 0.058355] [train seg_loss 2.0098 bn_loss 0.4295 acc 77.58]
[epoch 15] [iter 100 / 594 127.6s] [lr 0.058144] [train seg_loss 1.4285 bn_loss 0.4073 acc 74.85]
[epoch 15] [iter 150 / 594 191.8s] [lr 0.057934] [train seg_loss 1.3239 bn_loss 0.2957 acc 80.57]
[epoch 15] [iter 200 / 594 256.1s] [lr 0.057723] [train seg_loss 1.6149 bn_loss 0.3364 acc 86.79]
[epoch 15] [iter 250 / 594 320.6s] [lr 0.057513] [train seg_loss 1.6712 bn_loss 0.3007 acc 90.08]
[epoch 15] [iter 300 / 594 384.6s] [lr 0.057303] [train seg_loss 1.3830 bn_loss 0.4405 acc 84.27]
[epoch 15] [iter 350 / 594 448.8s] [lr 0.057093] [train seg_loss 1.5790 bn_loss 0.2368 acc 88.80]
[epoch 15] [iter 400 / 594 512.8s] [lr 0.056884] [train seg_loss 1.5777 bn_loss 0.4083 acc 85.81]
[epoch 15] [iter 450 / 594 576.0s] [lr 0.056675] [train seg_loss 2.0048 bn_loss 0.4472 acc 82.26]
[epoch 15] [iter 500 / 594 639.4s] [lr 0.056466] [train seg_loss 2.0869 bn_loss 0.5167 acc 74.56]
[epoch 15] [iter 550 / 594 702.0s] [lr 0.056258] [train seg_loss 1.7227 bn_loss 0.5032 acc 78.75]
Prediction saved!
106.8s Val loss: 0.73 Fscd: 50.88 IoU: 65.93 Sek: 11.89 Accuracy: 82.59
Total time: 14448.8s Best rec: Train acc 83.45, Val Fscd 51.53 acc 84.13 loss 0.7390
[epoch 16] [iter 50 / 594 59.9s] [lr 0.055866] [train seg_loss 1.0939 bn_loss 0.3478 acc 82.47]
[epoch 16] [iter 100 / 594 122.5s] [lr 0.055658] [train seg_loss 1.3171 bn_loss 0.3635 acc 82.12]
[epoch 16] [iter 150 / 594 183.3s] [lr 0.055451] [train seg_loss 1.3459 bn_loss 0.2738 acc 89.95]
[epoch 16] [iter 200 / 594 243.2s] [lr 0.055243] [train seg_loss 1.0372 bn_loss 0.3647 acc 87.53]
[epoch 16] [iter 250 / 594 306.5s] [lr 0.055036] [train seg_loss 1.8853 bn_loss 0.2880 acc 89.75]
[epoch 16] [iter 300 / 594 368.0s] [lr 0.054829] [train seg_loss 2.5328 bn_loss 0.4201 acc 81.84]
[epoch 16] [iter 350 / 594 430.2s] [lr 0.054623] [train seg_loss 1.4915 bn_loss 0.3011 acc 89.62]
[epoch 16] [iter 400 / 594 492.2s] [lr 0.054417] [train seg_loss 1.0624 bn_loss 0.3710 acc 82.32]
[epoch 16] [iter 450 / 594 554.1s] [lr 0.054211] [train seg_loss 1.3532 bn_loss 0.3448 acc 88.94]
[epoch 16] [iter 500 / 594 617.2s] [lr 0.054005] [train seg_loss 1.8096 bn_loss 0.3460 acc 82.94]
[epoch 16] [iter 550 / 594 679.0s] [lr 0.053799] [train seg_loss 1.8469 bn_loss 0.3350 acc 87.88]
108.4s Val loss: 0.73 Fscd: 51.17 IoU: 65.97 Sek: 11.43 Accuracy: 83.44
Total time: 15291.2s Best rec: Train acc 83.56, Val Fscd 51.53 acc 84.13 loss 0.7390
[epoch 17] [iter 50 / 594 62.0s] [lr 0.053414] [train seg_loss 1.5142 bn_loss 0.3023 acc 85.21]
[epoch 17] [iter 100 / 594 123.4s] [lr 0.053209] [train seg_loss 1.5887 bn_loss 0.4549 acc 76.94]
[epoch 17] [iter 150 / 594 185.7s] [lr 0.053004] [train seg_loss 1.3258 bn_loss 0.3309 acc 84.87]
[epoch 17] [iter 200 / 594 246.9s] [lr 0.052800] [train seg_loss 0.9844 bn_loss 0.2923 acc 91.68]
[epoch 17] [iter 250 / 594 309.2s] [lr 0.052596] [train seg_loss 2.5911 bn_loss 0.3211 acc 88.28]
[epoch 17] [iter 300 / 594 370.9s] [lr 0.052392] [train seg_loss 1.7583 bn_loss 0.3017 acc 84.42]
[epoch 17] [iter 350 / 594 432.3s] [lr 0.052189] [train seg_loss 1.2733 bn_loss 0.3260 acc 86.79]
[epoch 17] [iter 400 / 594 493.7s] [lr 0.051986] [train seg_loss 0.9599 bn_loss 0.3276 acc 85.89]
[epoch 17] [iter 450 / 594 554.6s] [lr 0.051783] [train seg_loss 1.5488 bn_loss 0.3136 acc 73.92]
[epoch 17] [iter 500 / 594 615.6s] [lr 0.051580] [train seg_loss 1.2201 bn_loss 0.3669 acc 83.47]
[epoch 17] [iter 550 / 594 676.6s] [lr 0.051378] [train seg_loss 1.4473 bn_loss 0.3217 acc 81.92]
102.1s Val loss: 0.75 Fscd: 46.36 IoU: 63.69 Sek: 8.82 Accuracy: 84.21
Total time: 16123.1s Best rec: Train acc 83.59, Val Fscd 51.53 acc 84.13 loss 0.7390
[epoch 18] [iter 50 / 594 60.0s] [lr 0.050998] [train seg_loss 1.4950 bn_loss 0.4253 acc 86.89]
[epoch 18] [iter 100 / 594 120.1s] [lr 0.050796] [train seg_loss 2.0350 bn_loss 0.3253 acc 71.45]
[epoch 18] [iter 150 / 594 181.8s] [lr 0.050595] [train seg_loss 1.6510 bn_loss 0.3820 acc 69.46]
[epoch 18] [iter 200 / 594 244.1s] [lr 0.050394] [train seg_loss 2.2191 bn_loss 0.5454 acc 62.77]
[epoch 18] [iter 250 / 594 306.4s] [lr 0.050193] [train seg_loss 1.5749 bn_loss 0.2776 acc 84.31]
[epoch 18] [iter 300 / 594 369.4s] [lr 0.049993] [train seg_loss 1.7166 bn_loss 0.3297 acc 78.01]
[epoch 18] [iter 350 / 594 431.9s] [lr 0.049792] [train seg_loss 1.7501 bn_loss 0.3408 acc 80.54]
[epoch 18] [iter 400 / 594 494.0s] [lr 0.049592] [train seg_loss 1.5817 bn_loss 0.3412 acc 85.03]
[epoch 18] [iter 450 / 594 557.1s] [lr 0.049393] [train seg_loss 1.7981 bn_loss 0.4353 acc 76.68]
[epoch 18] [iter 500 / 594 619.5s] [lr 0.049193] [train seg_loss 1.1324 bn_loss 0.2949 acc 85.59]
[epoch 18] [iter 550 / 594 681.9s] [lr 0.048994] [train seg_loss 1.5969 bn_loss 0.3031 acc 86.87]
106.6s Val loss: 0.72 Fscd: 52.02 IoU: 67.00 Sek: 12.60 Accuracy: 85.32
Total time: 16968.2s Best rec: Train acc 83.90, Val Fscd 52.02 acc 85.32 loss 0.7170
[epoch 19] [iter 50 / 594 61.8s] [lr 0.048620] [train seg_loss 1.2491 bn_loss 0.3381 acc 89.32]
[epoch 19] [iter 100 / 594 123.7s] [lr 0.048422] [train seg_loss 1.1249 bn_loss 0.3031 acc 86.56]
[epoch 19] [iter 150 / 594 186.5s] [lr 0.048224] [train seg_loss 1.7829 bn_loss 0.3977 acc 88.79]
[epoch 19] [iter 200 / 594 248.6s] [lr 0.048026] [train seg_loss 1.4588 bn_loss 0.2976 acc 86.31]
[epoch 19] [iter 250 / 594 310.9s] [lr 0.047828] [train seg_loss 1.3557 bn_loss 0.3555 acc 81.16]
[epoch 19] [iter 300 / 594 373.5s] [lr 0.047631] [train seg_loss 0.9502 bn_loss 0.3385 acc 87.72]
[epoch 19] [iter 350 / 594 436.1s] [lr 0.047434] [train seg_loss 1.1525 bn_loss 0.3155 acc 87.99]
[epoch 19] [iter 400 / 594 498.0s] [lr 0.047237] [train seg_loss 1.2628 bn_loss 0.3313 acc 86.69]
[epoch 19] [iter 450 / 594 558.6s] [lr 0.047040] [train seg_loss 1.4322 bn_loss 0.2637 acc 89.97]
[epoch 19] [iter 500 / 594 620.7s] [lr 0.046844] [train seg_loss 1.4406 bn_loss 0.3327 acc 85.69]
[epoch 19] [iter 550 / 594 683.2s] [lr 0.046648] [train seg_loss 1.1054 bn_loss 0.2486 acc 89.97]
108.1s Val loss: 0.73 Fscd: 51.95 IoU: 66.84 Sek: 12.26 Accuracy: 83.77
Total time: 17814.9s Best rec: Train acc 84.00, Val Fscd 52.02 acc 85.32 loss 0.7170
[epoch 20] [iter 50 / 594 65.2s] [lr 0.046280] [train seg_loss 1.7217 bn_loss 0.4163 acc 81.73]
[epoch 20] [iter 100 / 594 129.2s] [lr 0.046085] [train seg_loss 1.1879 bn_loss 0.3510 acc 85.85]
[epoch 20] [iter 150 / 594 191.3s] [lr 0.045890] [train seg_loss 1.3845 bn_loss 0.4224 acc 79.13]
[epoch 20] [iter 200 / 594 254.0s] [lr 0.045696] [train seg_loss 1.7479 bn_loss 0.3728 acc 81.31]
[epoch 20] [iter 250 / 594 315.3s] [lr 0.045501] [train seg_loss 3.0872 bn_loss 0.3819 acc 82.37]
[epoch 20] [iter 300 / 594 376.7s] [lr 0.045307] [train seg_loss 1.0994 bn_loss 0.3426 acc 68.42]
[epoch 20] [iter 350 / 594 438.5s] [lr 0.045113] [train seg_loss 1.1228 bn_loss 0.3440 acc 84.76]
[epoch 20] [iter 400 / 594 500.7s] [lr 0.044920] [train seg_loss 1.4704 bn_loss 0.2540 acc 83.97]
[epoch 20] [iter 450 / 594 562.8s] [lr 0.044727] [train seg_loss 1.0833 bn_loss 0.2934 acc 86.09]
[epoch 20] [iter 500 / 594 627.5s] [lr 0.044534] [train seg_loss 1.5221 bn_loss 0.3554 acc 87.50]
[epoch 20] [iter 550 / 594 690.0s] [lr 0.044341] [train seg_loss 1.2914 bn_loss 0.3869 acc 84.24]
Prediction saved!
104.7s Val loss: 0.71 Fscd: 53.85 IoU: 67.88 Sek: 13.70 Accuracy: 85.08
Total time: 18664.6s Best rec: Train acc 84.00, Val Fscd 53.85 acc 85.08 loss 0.7086
[epoch 21] [iter 50 / 594 62.1s] [lr 0.043979] [train seg_loss 1.2333 bn_loss 0.2784 acc 86.69]
[epoch 21] [iter 100 / 594 122.6s] [lr 0.043787] [train seg_loss 1.6392 bn_loss 0.3009 acc 86.28]
[epoch 21] [iter 150 / 594 183.9s] [lr 0.043596] [train seg_loss 1.7054 bn_loss 0.3376 acc 83.14]
[epoch 21] [iter 200 / 594 247.4s] [lr 0.043404] [train seg_loss 1.2449 bn_loss 0.2763 acc 79.58]
[epoch 21] [iter 250 / 594 308.4s] [lr 0.043213] [train seg_loss 1.3849 bn_loss 0.3130 acc 78.47]
[epoch 21] [iter 300 / 594 371.4s] [lr 0.043023] [train seg_loss 1.1533 bn_loss 0.2803 acc 87.72]
[epoch 21] [iter 350 / 594 432.2s] [lr 0.042832] [train seg_loss 1.4115 bn_loss 0.3574 acc 80.50]
[epoch 21] [iter 400 / 594 492.7s] [lr 0.042642] [train seg_loss 1.3519 bn_loss 0.4198 acc 81.51]
[epoch 21] [iter 450 / 594 552.7s] [lr 0.042452] [train seg_loss 1.4465 bn_loss 0.2479 acc 84.97]
[epoch 21] [iter 500 / 594 612.7s] [lr 0.042262] [train seg_loss 1.1340 bn_loss 0.2892 acc 84.65]
[epoch 21] [iter 550 / 594 673.3s] [lr 0.042073] [train seg_loss 1.3186 bn_loss 0.2744 acc 88.95]
106.7s Val loss: 0.69 Fscd: 54.02 IoU: 67.81 Sek: 13.87 Accuracy: 85.20
Total time: 19498.9s Best rec: Train acc 84.00, Val Fscd 54.02 acc 85.20 loss 0.6852
[epoch 22] [iter 50 / 594 60.9s] [lr 0.041718] [train seg_loss 1.2475 bn_loss 0.3301 acc 79.57]
[epoch 22] [iter 100 / 594 121.3s] [lr 0.041529] [train seg_loss 2.2359 bn_loss 0.3694 acc 72.52]
[epoch 22] [iter 150 / 594 182.9s] [lr 0.041341] [train seg_loss 1.6081 bn_loss 0.4061 acc 85.39]
[epoch 22] [iter 200 / 594 243.8s] [lr 0.041153] [train seg_loss 1.1650 bn_loss 0.2667 acc 90.08]
[epoch 22] [iter 250 / 594 304.7s] [lr 0.040965] [train seg_loss 1.2479 bn_loss 0.3426 acc 81.57]
[epoch 22] [iter 300 / 594 365.4s] [lr 0.040778] [train seg_loss 1.0316 bn_loss 0.2373 acc 88.37]
[epoch 22] [iter 350 / 594 425.6s] [lr 0.040591] [train seg_loss 1.5569 bn_loss 0.4494 acc 79.85]
[epoch 22] [iter 400 / 594 486.7s] [lr 0.040404] [train seg_loss 1.3556 bn_loss 0.2857 acc 87.51]
[epoch 22] [iter 450 / 594 550.2s] [lr 0.040217] [train seg_loss 1.1183 bn_loss 0.3784 acc 85.96]
[epoch 22] [iter 500 / 594 610.7s] [lr 0.040031] [train seg_loss 1.5420 bn_loss 0.3488 acc 80.97]
[epoch 22] [iter 550 / 594 671.3s] [lr 0.039845] [train seg_loss 1.4202 bn_loss 0.3293 acc 87.23]
102.1s Val loss: 0.70 Fscd: 51.59 IoU: 65.95 Sek: 12.43 Accuracy: 85.75
Total time: 20326.6s Best rec: Train acc 84.20, Val Fscd 54.02 acc 85.20 loss 0.6852
[epoch 23] [iter 50 / 594 60.1s] [lr 0.039496] [train seg_loss 4.5576 bn_loss 0.3270 acc 81.64]
[epoch 23] [iter 100 / 594 120.4s] [lr 0.039311] [train seg_loss 1.9047 bn_loss 0.3696 acc 77.15]
[epoch 23] [iter 150 / 594 182.9s] [lr 0.039126] [train seg_loss 1.5486 bn_loss 0.3332 acc 79.27]
[epoch 23] [iter 200 / 594 247.5s] [lr 0.038942] [train seg_loss 1.0043 bn_loss 0.3393 acc 82.81]
[epoch 23] [iter 250 / 594 310.9s] [lr 0.038758] [train seg_loss 1.2758 bn_loss 0.3447 acc 82.59]
[epoch 23] [iter 300 / 594 374.4s] [lr 0.038574] [train seg_loss 1.4693 bn_loss 0.3429 acc 88.76]
[epoch 23] [iter 350 / 594 439.6s] [lr 0.038390] [train seg_loss 1.4646 bn_loss 0.3836 acc 84.28]
[epoch 23] [iter 400 / 594 503.9s] [lr 0.038206] [train seg_loss 2.0682 bn_loss 0.3285 acc 85.73]
[epoch 23] [iter 450 / 594 564.9s] [lr 0.038023] [train seg_loss 1.4419 bn_loss 0.3568 acc 82.88]
[epoch 23] [iter 500 / 594 627.0s] [lr 0.037841] [train seg_loss 1.1892 bn_loss 0.4748 acc 81.69]
[epoch 23] [iter 550 / 594 688.3s] [lr 0.037658] [train seg_loss 1.9011 bn_loss 0.4044 acc 87.95]
105.0s Val loss: 0.71 Fscd: 52.27 IoU: 67.22 Sek: 12.79 Accuracy: 84.72
Total time: 21175.4s Best rec: Train acc 84.25, Val Fscd 54.02 acc 85.20 loss 0.6852
[epoch 24] [iter 50 / 594 63.5s] [lr 0.037316] [train seg_loss 1.7714 bn_loss 0.3214 acc 83.38]
[epoch 24] [iter 100 / 594 126.2s] [lr 0.037134] [train seg_loss 1.9069 bn_loss 0.3658 acc 87.45]
[epoch 24] [iter 150 / 594 188.8s] [lr 0.036953] [train seg_loss 1.2963 bn_loss 0.4196 acc 85.31]
[epoch 24] [iter 200 / 594 251.5s] [lr 0.036772] [train seg_loss 3.1307 bn_loss 0.4631 acc 78.83]
[epoch 24] [iter 250 / 594 314.5s] [lr 0.036591] [train seg_loss 1.1176 bn_loss 0.2826 acc 84.03]
[epoch 24] [iter 300 / 594 376.6s] [lr 0.036410] [train seg_loss 1.2468 bn_loss 0.2857 acc 83.56]
[epoch 24] [iter 350 / 594 439.6s] [lr 0.036230] [train seg_loss 1.5362 bn_loss 0.3370 acc 81.86]
[epoch 24] [iter 400 / 594 502.5s] [lr 0.036050] [train seg_loss 2.0237 bn_loss 0.3804 acc 84.95]
[epoch 24] [iter 450 / 594 566.3s] [lr 0.035871] [train seg_loss 1.4029 bn_loss 0.3221 acc 75.19]
[epoch 24] [iter 500 / 594 629.5s] [lr 0.035692] [train seg_loss 1.8730 bn_loss 0.3586 acc 84.16]
[epoch 24] [iter 550 / 594 693.9s] [lr 0.035513] [train seg_loss 1.4968 bn_loss 0.4159 acc 73.50]
112.0s Val loss: 0.68 Fscd: 53.93 IoU: 68.21 Sek: 14.30 Accuracy: 85.04
Total time: 22035.3s Best rec: Train acc 84.32, Val Fscd 54.02 acc 85.20 loss 0.6852
[epoch 25] [iter 50 / 594 66.3s] [lr 0.035177] [train seg_loss 1.3908 bn_loss 0.3883 acc 84.28]
[epoch 25] [iter 100 / 594 133.2s] [lr 0.034999] [train seg_loss 1.0202 bn_loss 0.3699 acc 79.46]
[epoch 25] [iter 150 / 594 200.7s] [lr 0.034821] [train seg_loss 1.4770 bn_loss 0.2793 acc 82.08]
[epoch 25] [iter 200 / 594 268.1s] [lr 0.034644] [train seg_loss 1.0785 bn_loss 0.4469 acc 85.12]
[epoch 25] [iter 250 / 594 334.7s] [lr 0.034466] [train seg_loss 1.1975 bn_loss 0.3733 acc 74.77]
[epoch 25] [iter 300 / 594 401.8s] [lr 0.034289] [train seg_loss 1.3278 bn_loss 0.2798 acc 89.21]
[epoch 25] [iter 350 / 594 468.2s] [lr 0.034113] [train seg_loss 1.1296 bn_loss 0.4472 acc 82.35]
[epoch 25] [iter 400 / 594 534.1s] [lr 0.033937] [train seg_loss 1.6148 bn_loss 0.4130 acc 81.72]
[epoch 25] [iter 450 / 594 601.4s] [lr 0.033761] [train seg_loss 2.4482 bn_loss 0.7384 acc 66.04]
[epoch 25] [iter 500 / 594 667.9s] [lr 0.033585] [train seg_loss 1.3559 bn_loss 0.3797 acc 85.04]
[epoch 25] [iter 550 / 594 735.3s] [lr 0.033409] [train seg_loss 1.7794 bn_loss 0.3778 acc 74.85]
Prediction saved!
117.1s Val loss: 0.68 Fscd: 53.08 IoU: 66.91 Sek: 14.04 Accuracy: 82.62
Total time: 22946.9s Best rec: Train acc 84.38, Val Fscd 54.02 acc 85.20 loss 0.6852
[epoch 26] [iter 50 / 594 63.4s] [lr 0.033081] [train seg_loss 1.6513 bn_loss 0.4383 acc 82.07]
[epoch 26] [iter 100 / 594 126.2s] [lr 0.032906] [train seg_loss 0.9142 bn_loss 0.2415 acc 88.82]
[epoch 26] [iter 150 / 594 189.4s] [lr 0.032732] [train seg_loss 1.4095 bn_loss 0.3572 acc 86.98]
[epoch 26] [iter 200 / 594 252.6s] [lr 0.032558] [train seg_loss 1.0926 bn_loss 0.3025 acc 85.83]
[epoch 26] [iter 250 / 594 316.2s] [lr 0.032384] [train seg_loss 1.2041 bn_loss 0.3213 acc 87.04]
[epoch 26] [iter 300 / 594 380.5s] [lr 0.032211] [train seg_loss 1.9289 bn_loss 0.3140 acc 81.83]
[epoch 26] [iter 350 / 594 445.1s] [lr 0.032038] [train seg_loss 1.5221 bn_loss 0.3820 acc 79.94]
[epoch 26] [iter 400 / 594 510.3s] [lr 0.031866] [train seg_loss 0.9636 bn_loss 0.2312 acc 89.01]
[epoch 26] [iter 450 / 594 574.7s] [lr 0.031693] [train seg_loss 1.4287 bn_loss 0.2699 acc 87.72]
[epoch 26] [iter 500 / 594 639.6s] [lr 0.031521] [train seg_loss 1.5937 bn_loss 0.3970 acc 83.93]
[epoch 26] [iter 550 / 594 706.7s] [lr 0.031350] [train seg_loss 1.2592 bn_loss 0.2620 acc 88.70]
114.2s Val loss: 0.70 Fscd: 50.79 IoU: 64.63 Sek: 12.29 Accuracy: 80.61
Total time: 23824.0s Best rec: Train acc 84.49, Val Fscd 54.02 acc 85.20 loss 0.6852
[epoch 27] [iter 50 / 594 64.6s] [lr 0.031028] [train seg_loss 1.7336 bn_loss 0.3537 acc 82.36]
[epoch 27] [iter 100 / 594 129.4s] [lr 0.030857] [train seg_loss 1.1293 bn_loss 0.2797 acc 89.27]
[epoch 27] [iter 150 / 594 192.3s] [lr 0.030686] [train seg_loss 0.9280 bn_loss 0.3339 acc 87.58]
[epoch 27] [iter 200 / 594 255.7s] [lr 0.030516] [train seg_loss 1.5595 bn_loss 0.3982 acc 82.55]
[epoch 27] [iter 250 / 594 318.4s] [lr 0.030346] [train seg_loss 1.1763 bn_loss 0.2719 acc 86.07]
[epoch 27] [iter 300 / 594 380.6s] [lr 0.030177] [train seg_loss 1.5674 bn_loss 0.3203 acc 86.73]
[epoch 27] [iter 350 / 594 442.1s] [lr 0.030008] [train seg_loss 1.3637 bn_loss 0.3211 acc 87.51]
[epoch 27] [iter 400 / 594 505.5s] [lr 0.029839] [train seg_loss 1.1289 bn_loss 0.2890 acc 87.71]
[epoch 27] [iter 450 / 594 569.0s] [lr 0.029670] [train seg_loss 1.2093 bn_loss 0.2662 acc 84.12]
[epoch 27] [iter 500 / 594 631.4s] [lr 0.029502] [train seg_loss 1.9362 bn_loss 0.2877 acc 80.82]
[epoch 27] [iter 550 / 594 694.6s] [lr 0.029334] [train seg_loss 0.7561 bn_loss 0.2571 acc 90.18]
109.9s Val loss: 0.65 Fscd: 55.23 IoU: 68.87 Sek: 15.38 Accuracy: 86.17
Total time: 24683.3s Best rec: Train acc 84.64, Val Fscd 55.23 acc 86.17 loss 0.6533
[epoch 28] [iter 50 / 594 61.8s] [lr 0.029019] [train seg_loss 1.5862 bn_loss 0.3798 acc 87.27]
[epoch 28] [iter 100 / 594 123.3s] [lr 0.028852] [train seg_loss 1.7525 bn_loss 0.3488 acc 76.36]
[epoch 28] [iter 150 / 594 184.6s] [lr 0.028685] [train seg_loss 1.1316 bn_loss 0.2774 acc 90.57]
[epoch 28] [iter 200 / 594 245.2s] [lr 0.028519] [train seg_loss 1.3423 bn_loss 0.3099 acc 84.31]
[epoch 28] [iter 250 / 594 306.3s] [lr 0.028353] [train seg_loss 1.0450 bn_loss 0.2291 acc 91.09]
[epoch 28] [iter 300 / 594 369.8s] [lr 0.028187] [train seg_loss 1.1815 bn_loss 0.3996 acc 77.47]
[epoch 28] [iter 350 / 594 432.5s] [lr 0.028022] [train seg_loss 0.8991 bn_loss 0.3088 acc 85.89]
[epoch 28] [iter 400 / 594 494.9s] [lr 0.027857] [train seg_loss 1.1301 bn_loss 0.3824 acc 76.62]
[epoch 28] [iter 450 / 594 559.3s] [lr 0.027692] [train seg_loss 2.8645 bn_loss 0.3348 acc 83.57]
[epoch 28] [iter 500 / 594 623.9s] [lr 0.027527] [train seg_loss 1.4060 bn_loss 0.2695 acc 89.41]
[epoch 28] [iter 550 / 594 688.0s] [lr 0.027363] [train seg_loss 1.7366 bn_loss 0.3977 acc 80.31]
108.9s Val loss: 0.69 Fscd: 51.74 IoU: 66.56 Sek: 12.30 Accuracy: 83.61
Total time: 25535.9s Best rec: Train acc 84.74, Val Fscd 55.23 acc 86.17 loss 0.6533
[epoch 29] [iter 50 / 594 63.2s] [lr 0.027056] [train seg_loss 1.2885 bn_loss 0.2441 acc 85.50]
[epoch 29] [iter 100 / 594 127.4s] [lr 0.026892] [train seg_loss 1.2480 bn_loss 0.3394 acc 77.04]
[epoch 29] [iter 150 / 594 191.9s] [lr 0.026730] [train seg_loss 1.3473 bn_loss 0.3773 acc 83.99]
[epoch 29] [iter 200 / 594 255.3s] [lr 0.026567] [train seg_loss 1.0288 bn_loss 0.3290 acc 78.69]
[epoch 29] [iter 250 / 594 318.4s] [lr 0.026405] [train seg_loss 1.9007 bn_loss 0.3250 acc 86.92]
[epoch 29] [iter 300 / 594 380.7s] [lr 0.026243] [train seg_loss 0.6246 bn_loss 0.2424 acc 92.46]
[epoch 29] [iter 350 / 594 442.4s] [lr 0.026082] [train seg_loss 1.3266 bn_loss 0.3510 acc 79.55]
[epoch 29] [iter 400 / 594 503.9s] [lr 0.025920] [train seg_loss 2.2780 bn_loss 0.4315 acc 76.11]
[epoch 29] [iter 450 / 594 565.5s] [lr 0.025760] [train seg_loss 2.1414 bn_loss 0.4292 acc 73.73]
[epoch 29] [iter 500 / 594 628.8s] [lr 0.025599] [train seg_loss 1.3666 bn_loss 0.3691 acc 88.54]
[epoch 29] [iter 550 / 594 692.7s] [lr 0.025439] [train seg_loss 1.5083 bn_loss 0.4345 acc 79.38]
106.6s Val loss: 0.68 Fscd: 54.72 IoU: 68.30 Sek: 14.66 Accuracy: 85.92
Total time: 26390.6s Best rec: Train acc 84.74, Val Fscd 55.23 acc 86.17 loss 0.6533
[epoch 30] [iter 50 / 594 62.2s] [lr 0.025139] [train seg_loss 1.0451 bn_loss 0.2882 acc 89.97]
[epoch 30] [iter 100 / 594 123.9s] [lr 0.024979] [train seg_loss 1.4279 bn_loss 0.3610 acc 75.21]
[epoch 30] [iter 150 / 594 184.9s] [lr 0.024821] [train seg_loss 1.1767 bn_loss 0.2494 acc 85.22]
[epoch 30] [iter 200 / 594 246.7s] [lr 0.024662] [train seg_loss 1.3022 bn_loss 0.3944 acc 81.57]
[epoch 30] [iter 250 / 594 307.2s] [lr 0.024504] [train seg_loss 1.2829 bn_loss 0.3492 acc 84.97]
[epoch 30] [iter 300 / 594 366.6s] [lr 0.024346] [train seg_loss 1.0252 bn_loss 0.3165 acc 82.85]
[epoch 30] [iter 350 / 594 430.1s] [lr 0.024189] [train seg_loss 1.1750 bn_loss 0.3243 acc 92.08]
[epoch 30] [iter 400 / 594 491.6s] [lr 0.024031] [train seg_loss 1.0712 bn_loss 0.2767 acc 91.62]
[epoch 30] [iter 450 / 594 552.9s] [lr 0.023875] [train seg_loss 1.5168 bn_loss 0.4878 acc 82.94]
[epoch 30] [iter 500 / 594 615.3s] [lr 0.023718] [train seg_loss 1.4217 bn_loss 0.2571 acc 90.77]
[epoch 30] [iter 550 / 594 677.9s] [lr 0.023562] [train seg_loss 0.9791 bn_loss 0.2636 acc 89.60]
Prediction saved!
108.5s Val loss: 0.65 Fscd: 55.49 IoU: 69.15 Sek: 15.79 Accuracy: 85.99
Total time: 27232.1s Best rec: Train acc 84.92, Val Fscd 55.49 acc 85.99 loss 0.6506
[epoch 31] [iter 50 / 594 53.8s] [lr 0.023269] [train seg_loss 1.1350 bn_loss 0.2997 acc 76.64]
[epoch 31] [iter 100 / 594 96.0s] [lr 0.023114] [train seg_loss 1.2359 bn_loss 0.3779 acc 77.47]
[epoch 31] [iter 150 / 594 137.0s] [lr 0.022959] [train seg_loss 1.2094 bn_loss 0.3672 acc 87.54]
[epoch 31] [iter 200 / 594 178.4s] [lr 0.022805] [train seg_loss 1.0003 bn_loss 0.3234 acc 85.02]
[epoch 31] [iter 250 / 594 223.2s] [lr 0.022651] [train seg_loss 0.7905 bn_loss 0.2585 acc 89.92]
[epoch 31] [iter 300 / 594 266.1s] [lr 0.022497] [train seg_loss 1.5224 bn_loss 0.3757 acc 80.84]
[epoch 31] [iter 350 / 594 309.1s] [lr 0.022344] [train seg_loss 0.8301 bn_loss 0.4252 acc 90.02]
[epoch 31] [iter 400 / 594 351.5s] [lr 0.022191] [train seg_loss 1.2690 bn_loss 0.2306 acc 88.27]
[epoch 31] [iter 450 / 594 394.2s] [lr 0.022038] [train seg_loss 1.2267 bn_loss 0.3015 acc 87.58]
[epoch 31] [iter 500 / 594 436.1s] [lr 0.021885] [train seg_loss 1.3670 bn_loss 0.2835 acc 87.81]
[epoch 31] [iter 550 / 594 478.1s] [lr 0.021733] [train seg_loss 1.6696 bn_loss 0.3103 acc 83.22]
84.9s Val loss: 0.70 Fscd: 54.47 IoU: 68.84 Sek: 14.74 Accuracy: 85.43
Total time: 27831.6s Best rec: Train acc 84.99, Val Fscd 55.49 acc 85.99 loss 0.6506
[epoch 32] [iter 50 / 594 42.3s] [lr 0.021449] [train seg_loss 1.0653 bn_loss 0.2637 acc 87.05]
[epoch 32] [iter 100 / 594 82.8s] [lr 0.021298] [train seg_loss 0.9009 bn_loss 0.3103 acc 89.06]
[epoch 32] [iter 150 / 594 126.1s] [lr 0.021147] [train seg_loss 1.1906 bn_loss 0.3607 acc 80.50]
[epoch 32] [iter 200 / 594 173.1s] [lr 0.020997] [train seg_loss 2.0694 bn_loss 0.3223 acc 82.57]
[epoch 32] [iter 250 / 594 220.5s] [lr 0.020847] [train seg_loss 1.6606 bn_loss 0.3779 acc 84.58]
[epoch 32] [iter 300 / 594 267.3s] [lr 0.020697] [train seg_loss 1.5049 bn_loss 0.4172 acc 86.35]
[epoch 32] [iter 350 / 594 314.5s] [lr 0.020548] [train seg_loss 1.2809 bn_loss 0.3770 acc 83.63]
[epoch 32] [iter 400 / 594 361.7s] [lr 0.020399] [train seg_loss 1.2525 bn_loss 0.2896 acc 86.42]
[epoch 32] [iter 450 / 594 408.4s] [lr 0.020251] [train seg_loss 1.0753 bn_loss 0.2900 acc 89.43]
[epoch 32] [iter 500 / 594 456.5s] [lr 0.020103] [train seg_loss 1.6165 bn_loss 0.4782 acc 85.49]
[epoch 32] [iter 550 / 594 503.7s] [lr 0.019955] [train seg_loss 1.2930 bn_loss 0.2039 acc 88.32]
102.7s Val loss: 0.66 Fscd: 55.30 IoU: 69.04 Sek: 15.66 Accuracy: 84.95
Total time: 28480.7s Best rec: Train acc 85.09, Val Fscd 55.49 acc 85.99 loss 0.6506
[epoch 33] [iter 50 / 594 48.5s] [lr 0.019678] [train seg_loss 0.8169 bn_loss 0.2829 acc 91.29]
[epoch 33] [iter 100 / 594 96.5s] [lr 0.019531] [train seg_loss 1.2281 bn_loss 0.4179 acc 86.00]
[epoch 33] [iter 150 / 594 145.0s] [lr 0.019385] [train seg_loss 1.2246 bn_loss 0.3090 acc 83.56]
[epoch 33] [iter 200 / 594 193.2s] [lr 0.019239] [train seg_loss 1.0544 bn_loss 0.3421 acc 88.43]
[epoch 33] [iter 250 / 594 241.6s] [lr 0.019094] [train seg_loss 1.3451 bn_loss 0.2981 acc 89.58]
[epoch 33] [iter 300 / 594 289.9s] [lr 0.018948] [train seg_loss 1.8719 bn_loss 0.3751 acc 81.17]
[epoch 33] [iter 350 / 594 338.0s] [lr 0.018803] [train seg_loss 2.2745 bn_loss 0.3578 acc 87.13]
[epoch 33] [iter 400 / 594 385.8s] [lr 0.018659] [train seg_loss 1.6525 bn_loss 0.3380 acc 77.69]
[epoch 33] [iter 450 / 594 432.0s] [lr 0.018515] [train seg_loss 0.8210 bn_loss 0.2678 acc 86.71]
[epoch 33] [iter 500 / 594 478.6s] [lr 0.018371] [train seg_loss 1.3852 bn_loss 0.3647 acc 82.47]
[epoch 33] [iter 550 / 594 525.1s] [lr 0.018228] [train seg_loss 1.3393 bn_loss 0.2865 acc 87.34]
101.4s Val loss: 0.64 Fscd: 56.82 IoU: 69.67 Sek: 16.65 Accuracy: 86.07
Total time: 29149.0s Best rec: Train acc 85.24, Val Fscd 56.82 acc 86.07 loss 0.6396
[epoch 34] [iter 50 / 594 47.4s] [lr 0.017959] [train seg_loss 1.3332 bn_loss 0.3053 acc 85.25]
[epoch 34] [iter 100 / 594 94.9s] [lr 0.017817] [train seg_loss 1.1254 bn_loss 0.2869 acc 86.40]
[epoch 34] [iter 150 / 594 142.1s] [lr 0.017675] [train seg_loss 1.0790 bn_loss 0.3321 acc 86.87]
[epoch 34] [iter 200 / 594 188.9s] [lr 0.017534] [train seg_loss 0.8750 bn_loss 0.3760 acc 80.28]
[epoch 34] [iter 250 / 594 235.5s] [lr 0.017392] [train seg_loss 1.0558 bn_loss 0.2814 acc 86.26]
[epoch 34] [iter 300 / 594 283.0s] [lr 0.017252] [train seg_loss 0.8642 bn_loss 0.3003 acc 89.17]
[epoch 34] [iter 350 / 594 330.2s] [lr 0.017111] [train seg_loss 1.7910 bn_loss 0.4438 acc 70.14]
[epoch 34] [iter 400 / 594 377.4s] [lr 0.016971] [train seg_loss 1.1359 bn_loss 0.3102 acc 83.73]
[epoch 34] [iter 450 / 594 424.1s] [lr 0.016832] [train seg_loss 1.3021 bn_loss 0.2992 acc 88.96]
[epoch 34] [iter 500 / 594 470.6s] [lr 0.016692] [train seg_loss 1.2121 bn_loss 0.2148 acc 90.62]
[epoch 34] [iter 550 / 594 517.7s] [lr 0.016554] [train seg_loss 1.5266 bn_loss 0.3555 acc 86.25]
100.9s Val loss: 0.66 Fscd: 54.03 IoU: 68.17 Sek: 14.18 Accuracy: 85.10
Total time: 29809.1s Best rec: Train acc 85.30, Val Fscd 56.82 acc 86.07 loss 0.6396
[epoch 35] [iter 50 / 594 47.5s] [lr 0.016294] [train seg_loss 1.0892 bn_loss 0.3558 acc 85.74]
[epoch 35] [iter 100 / 594 94.6s] [lr 0.016156] [train seg_loss 1.0471 bn_loss 0.3792 acc 86.64]
[epoch 35] [iter 150 / 594 141.6s] [lr 0.016018] [train seg_loss 1.0935 bn_loss 0.4074 acc 75.44]
[epoch 35] [iter 200 / 594 189.7s] [lr 0.015882] [train seg_loss 1.0121 bn_loss 0.2932 acc 86.07]
[epoch 35] [iter 250 / 594 237.1s] [lr 0.015745] [train seg_loss 0.8005 bn_loss 0.2243 acc 94.37]
[epoch 35] [iter 300 / 594 284.1s] [lr 0.015609] [train seg_loss 1.1746 bn_loss 0.4108 acc 81.09]
[epoch 35] [iter 350 / 594 331.5s] [lr 0.015473] [train seg_loss 1.4575 bn_loss 0.3462 acc 88.75]
[epoch 35] [iter 400 / 594 378.8s] [lr 0.015338] [train seg_loss 1.3653 bn_loss 0.3715 acc 88.91]
[epoch 35] [iter 450 / 594 425.9s] [lr 0.015203] [train seg_loss 1.5762 bn_loss 0.3571 acc 76.18]
[epoch 35] [iter 500 / 594 472.9s] [lr 0.015068] [train seg_loss 1.2110 bn_loss 0.3757 acc 87.37]
[epoch 35] [iter 550 / 594 520.5s] [lr 0.014934] [train seg_loss 0.9732 bn_loss 0.2448 acc 90.90]
Prediction saved!
101.6s Val loss: 0.62 Fscd: 56.60 IoU: 69.51 Sek: 16.57 Accuracy: 85.83
Total time: 30472.9s Best rec: Train acc 85.42, Val Fscd 56.82 acc 86.07 loss 0.6396
[epoch 36] [iter 50 / 594 47.6s] [lr 0.014683] [train seg_loss 1.1676 bn_loss 0.3490 acc 88.85]
[epoch 36] [iter 100 / 594 95.3s] [lr 0.014550] [train seg_loss 1.4731 bn_loss 0.3227 acc 88.91]
[epoch 36] [iter 150 / 594 142.6s] [lr 0.014417] [train seg_loss 1.2012 bn_loss 0.2615 acc 83.48]
[epoch 36] [iter 200 / 594 189.6s] [lr 0.014285] [train seg_loss 1.2919 bn_loss 0.3819 acc 80.97]
[epoch 36] [iter 250 / 594 237.2s] [lr 0.014153] [train seg_loss 1.1447 bn_loss 0.3662 acc 82.59]
[epoch 36] [iter 300 / 594 284.3s] [lr 0.014022] [train seg_loss 0.6406 bn_loss 0.2291 acc 91.09]
[epoch 36] [iter 350 / 594 331.7s] [lr 0.013891] [train seg_loss 1.5757 bn_loss 0.4023 acc 89.57]
[epoch 36] [iter 400 / 594 378.7s] [lr 0.013760] [train seg_loss 1.3940 bn_loss 0.3009 acc 85.00]
[epoch 36] [iter 450 / 594 426.0s] [lr 0.013630] [train seg_loss 1.1546 bn_loss 0.3110 acc 87.20]
[epoch 36] [iter 500 / 594 473.4s] [lr 0.013500] [train seg_loss 1.0710 bn_loss 0.3143 acc 86.13]
[epoch 36] [iter 550 / 594 520.3s] [lr 0.013371] [train seg_loss 1.5979 bn_loss 0.2933 acc 81.43]
101.0s Val loss: 0.63 Fscd: 56.41 IoU: 69.12 Sek: 16.10 Accuracy: 85.52
Total time: 31135.8s Best rec: Train acc 85.50, Val Fscd 56.82 acc 86.07 loss 0.6396
[epoch 37] [iter 50 / 594 47.2s] [lr 0.013129] [train seg_loss 1.3307 bn_loss 0.3741 acc 85.05]
[epoch 37] [iter 100 / 594 93.2s] [lr 0.013001] [train seg_loss 1.0751 bn_loss 0.3541 acc 86.73]
[epoch 37] [iter 150 / 594 140.2s] [lr 0.012873] [train seg_loss 1.4070 bn_loss 0.2554 acc 82.23]
[epoch 37] [iter 200 / 594 187.1s] [lr 0.012746] [train seg_loss 1.6841 bn_loss 0.3903 acc 82.89]
[epoch 37] [iter 250 / 594 234.3s] [lr 0.012619] [train seg_loss 1.2219 bn_loss 0.3658 acc 88.92]
[epoch 37] [iter 300 / 594 281.4s] [lr 0.012492] [train seg_loss 1.1502 bn_loss 0.2898 acc 87.85]
[epoch 37] [iter 350 / 594 328.6s] [lr 0.012366] [train seg_loss 1.0713 bn_loss 0.3298 acc 88.38]
[epoch 37] [iter 400 / 594 376.1s] [lr 0.012241] [train seg_loss 1.2485 bn_loss 0.3341 acc 87.37]
[epoch 37] [iter 450 / 594 423.7s] [lr 0.012116] [train seg_loss 1.0245 bn_loss 0.3589 acc 84.67]
[epoch 37] [iter 500 / 594 471.6s] [lr 0.011991] [train seg_loss 1.1880 bn_loss 0.2993 acc 80.82]
[epoch 37] [iter 550 / 594 518.6s] [lr 0.011867] [train seg_loss 1.1791 bn_loss 0.2857 acc 82.75]
101.1s Val loss: 0.63 Fscd: 56.18 IoU: 68.88 Sek: 16.20 Accuracy: 86.30
Total time: 31796.4s Best rec: Train acc 85.80, Val Fscd 56.82 acc 86.07 loss 0.6396
[epoch 38] [iter 50 / 594 47.1s] [lr 0.011634] [train seg_loss 1.2069 bn_loss 0.3300 acc 89.30]
[epoch 38] [iter 100 / 594 94.7s] [lr 0.011511] [train seg_loss 1.3420 bn_loss 0.3107 acc 90.15]
[epoch 38] [iter 150 / 594 141.9s] [lr 0.011388] [train seg_loss 1.1268 bn_loss 0.3475 acc 86.47]
[epoch 38] [iter 200 / 594 188.6s] [lr 0.011266] [train seg_loss 1.6752 bn_loss 0.3790 acc 83.96]
[epoch 38] [iter 250 / 594 236.4s] [lr 0.011144] [train seg_loss 1.5845 bn_loss 0.3021 acc 79.72]
[epoch 38] [iter 300 / 594 283.7s] [lr 0.011023] [train seg_loss 1.2890 bn_loss 0.3968 acc 82.83]
[epoch 38] [iter 350 / 594 330.7s] [lr 0.010902] [train seg_loss 1.0811 bn_loss 0.2579 acc 89.15]
[epoch 38] [iter 400 / 594 377.7s] [lr 0.010782] [train seg_loss 0.9776 bn_loss 0.3387 acc 82.91]
[epoch 38] [iter 450 / 594 425.2s] [lr 0.010662] [train seg_loss 1.5524 bn_loss 0.2913 acc 83.68]
[epoch 38] [iter 500 / 594 472.5s] [lr 0.010542] [train seg_loss 1.0050 bn_loss 0.2939 acc 85.00]
[epoch 38] [iter 550 / 594 519.5s] [lr 0.010423] [train seg_loss 1.4832 bn_loss 0.2474 acc 87.29]
101.4s Val loss: 0.59 Fscd: 57.83 IoU: 69.89 Sek: 17.94 Accuracy: 85.29
Total time: 32458.7s Best rec: Train acc 85.80, Val Fscd 57.83 acc 85.29 loss 0.5945
[epoch 39] [iter 50 / 594 46.6s] [lr 0.010201] [train seg_loss 0.6107 bn_loss 0.2423 acc 86.32]
[epoch 39] [iter 100 / 594 93.7s] [lr 0.010083] [train seg_loss 1.1102 bn_loss 0.2651 acc 88.37]
[epoch 39] [iter 150 / 594 140.6s] [lr 0.009966] [train seg_loss 1.2721 bn_loss 0.3260 acc 84.17]
[epoch 39] [iter 200 / 594 187.3s] [lr 0.009849] [train seg_loss 1.2464 bn_loss 0.3426 acc 82.17]
[epoch 39] [iter 250 / 594 233.8s] [lr 0.009732] [train seg_loss 1.2681 bn_loss 0.2511 acc 87.54]
[epoch 39] [iter 300 / 594 281.1s] [lr 0.009616] [train seg_loss 0.7973 bn_loss 0.2825 acc 87.52]
[epoch 39] [iter 350 / 594 329.0s] [lr 0.009501] [train seg_loss 1.0363 bn_loss 0.3166 acc 88.68]
[epoch 39] [iter 400 / 594 376.3s] [lr 0.009386] [train seg_loss 1.5038 bn_loss 0.3478 acc 85.48]
[epoch 39] [iter 450 / 594 423.7s] [lr 0.009271] [train seg_loss 1.1000 bn_loss 0.2757 acc 89.81]
[epoch 39] [iter 500 / 594 470.7s] [lr 0.009157] [train seg_loss 2.2733 bn_loss 0.3458 acc 86.19]
[epoch 39] [iter 550 / 594 518.1s] [lr 0.009044] [train seg_loss 0.8254 bn_loss 0.2856 acc 85.21]
101.4s Val loss: 0.65 Fscd: 56.31 IoU: 70.12 Sek: 16.60 Accuracy: 85.90
Total time: 33118.9s Best rec: Train acc 86.02, Val Fscd 57.83 acc 85.29 loss 0.5945
[epoch 40] [iter 50 / 594 46.9s] [lr 0.008832] [train seg_loss 0.7147 bn_loss 0.2934 acc 88.44]
[epoch 40] [iter 100 / 594 94.1s] [lr 0.008719] [train seg_loss 1.0379 bn_loss 0.3230 acc 84.93]
[epoch 40] [iter 150 / 594 140.9s] [lr 0.008608] [train seg_loss 1.2120 bn_loss 0.3448 acc 80.28]
[epoch 40] [iter 200 / 594 187.8s] [lr 0.008496] [train seg_loss 1.4547 bn_loss 0.3554 acc 85.19]
[epoch 40] [iter 250 / 594 235.8s] [lr 0.008386] [train seg_loss 1.0515 bn_loss 0.2939 acc 90.50]
[epoch 40] [iter 300 / 594 282.5s] [lr 0.008275] [train seg_loss 1.0660 bn_loss 0.2306 acc 89.19]
[epoch 40] [iter 350 / 594 329.0s] [lr 0.008166] [train seg_loss 1.2123 bn_loss 0.2442 acc 86.34]
[epoch 40] [iter 400 / 594 375.6s] [lr 0.008056] [train seg_loss 1.5680 bn_loss 0.2143 acc 91.20]
[epoch 40] [iter 450 / 594 423.2s] [lr 0.007947] [train seg_loss 1.2719 bn_loss 0.2695 acc 89.77]
[epoch 40] [iter 500 / 594 470.4s] [lr 0.007839] [train seg_loss 1.0921 bn_loss 0.2183 acc 91.26]
[epoch 40] [iter 550 / 594 517.4s] [lr 0.007731] [train seg_loss 0.9499 bn_loss 0.3346 acc 85.84]
Prediction saved!
101.6s Val loss: 0.59 Fscd: 58.65 IoU: 70.55 Sek: 18.30 Accuracy: 86.76
Total time: 33779.1s Best rec: Train acc 86.02, Val Fscd 58.65 acc 86.76 loss 0.5934
[epoch 41] [iter 50 / 594 47.0s] [lr 0.007530] [train seg_loss 0.9792 bn_loss 0.2437 acc 89.59]
[epoch 41] [iter 100 / 594 94.5s] [lr 0.007423] [train seg_loss 0.8125 bn_loss 0.2464 acc 90.78]
[epoch 41] [iter 150 / 594 142.5s] [lr 0.007318] [train seg_loss 0.9944 bn_loss 0.4562 acc 78.98]
[epoch 41] [iter 200 / 594 190.0s] [lr 0.007212] [train seg_loss 1.3918 bn_loss 0.4706 acc 81.15]
[epoch 41] [iter 250 / 594 236.9s] [lr 0.007107] [train seg_loss 1.0316 bn_loss 0.2678 acc 88.37]
[epoch 41] [iter 300 / 594 284.0s] [lr 0.007003] [train seg_loss 1.4510 bn_loss 0.3230 acc 85.56]
[epoch 41] [iter 350 / 594 330.8s] [lr 0.006899] [train seg_loss 1.7224 bn_loss 0.2719 acc 90.67]
[epoch 41] [iter 400 / 594 377.8s] [lr 0.006796] [train seg_loss 1.0553 bn_loss 0.3732 acc 85.38]
[epoch 41] [iter 450 / 594 425.1s] [lr 0.006693] [train seg_loss 0.9404 bn_loss 0.2255 acc 85.63]
[epoch 41] [iter 500 / 594 472.3s] [lr 0.006591] [train seg_loss 0.8378 bn_loss 0.2753 acc 91.72]
[epoch 41] [iter 550 / 594 519.5s] [lr 0.006489] [train seg_loss 1.0449 bn_loss 0.3028 acc 76.66]
100.9s Val loss: 0.61 Fscd: 58.87 IoU: 70.81 Sek: 18.85 Accuracy: 86.64
Total time: 34440.8s Best rec: Train acc 86.35, Val Fscd 58.87 acc 86.64 loss 0.6060
[epoch 42] [iter 50 / 594 48.1s] [lr 0.006299] [train seg_loss 1.6420 bn_loss 0.3080 acc 83.58]
[epoch 42] [iter 100 / 594 95.1s] [lr 0.006199] [train seg_loss 1.3639 bn_loss 0.4790 acc 78.32]
[epoch 42] [iter 150 / 594 142.3s] [lr 0.006099] [train seg_loss 0.6943 bn_loss 0.2268 acc 90.20]
[epoch 42] [iter 200 / 594 189.6s] [lr 0.006000] [train seg_loss 1.0972 bn_loss 0.3511 acc 88.05]
[epoch 42] [iter 250 / 594 236.6s] [lr 0.005902] [train seg_loss 0.5124 bn_loss 0.2221 acc 92.61]
[epoch 42] [iter 300 / 594 283.7s] [lr 0.005804] [train seg_loss 1.3257 bn_loss 0.3616 acc 82.39]
[epoch 42] [iter 350 / 594 330.6s] [lr 0.005706] [train seg_loss 1.1295 bn_loss 0.2858 acc 87.27]
[epoch 42] [iter 400 / 594 377.9s] [lr 0.005609] [train seg_loss 1.3910 bn_loss 0.3547 acc 84.83]
[epoch 42] [iter 450 / 594 424.9s] [lr 0.005513] [train seg_loss 1.1398 bn_loss 0.2711 acc 87.19]
[epoch 42] [iter 500 / 594 473.6s] [lr 0.005417] [train seg_loss 1.4820 bn_loss 0.2186 acc 91.62]
[epoch 42] [iter 550 / 594 521.6s] [lr 0.005322] [train seg_loss 1.2754 bn_loss 0.2687 acc 88.97]
103.1s Val loss: 0.61 Fscd: 57.89 IoU: 70.27 Sek: 17.93 Accuracy: 86.79
Total time: 35107.9s Best rec: Train acc 86.38, Val Fscd 58.87 acc 86.64 loss 0.6060
[epoch 43] [iter 50 / 594 47.1s] [lr 0.005144] [train seg_loss 0.7931 bn_loss 0.2496 acc 90.81]
[epoch 43] [iter 100 / 594 94.5s] [lr 0.005050] [train seg_loss 0.9434 bn_loss 0.2790 acc 83.53]
[epoch 43] [iter 150 / 594 141.8s] [lr 0.004957] [train seg_loss 1.1739 bn_loss 0.2840 acc 82.59]
[epoch 43] [iter 200 / 594 189.2s] [lr 0.004865] [train seg_loss 0.9990 bn_loss 0.3053 acc 86.26]
[epoch 43] [iter 250 / 594 236.7s] [lr 0.004773] [train seg_loss 1.1988 bn_loss 0.3778 acc 89.26]
[epoch 43] [iter 300 / 594 284.0s] [lr 0.004682] [train seg_loss 1.0818 bn_loss 0.2891 acc 85.90]
[epoch 43] [iter 350 / 594 331.4s] [lr 0.004591] [train seg_loss 0.8249 bn_loss 0.2768 acc 87.26]
[epoch 43] [iter 400 / 594 378.6s] [lr 0.004501] [train seg_loss 1.1967 bn_loss 0.2726 acc 82.85]
[epoch 43] [iter 450 / 594 426.4s] [lr 0.004411] [train seg_loss 1.1265 bn_loss 0.3777 acc 82.05]
[epoch 43] [iter 500 / 594 473.5s] [lr 0.004322] [train seg_loss 0.5061 bn_loss 0.3087 acc 84.85]
[epoch 43] [iter 550 / 594 519.7s] [lr 0.004234] [train seg_loss 0.6194 bn_loss 0.2247 acc 86.51]
101.7s Val loss: 0.57 Fscd: 58.91 IoU: 70.56 Sek: 19.35 Accuracy: 85.50
Total time: 35771.2s Best rec: Train acc 86.64, Val Fscd 58.91 acc 85.50 loss 0.5706
[epoch 44] [iter 50 / 594 47.5s] [lr 0.004070] [train seg_loss 1.0755 bn_loss 0.2944 acc 88.60]
[epoch 44] [iter 100 / 594 94.8s] [lr 0.003983] [train seg_loss 1.0532 bn_loss 0.2711 acc 86.56]
[epoch 44] [iter 150 / 594 142.1s] [lr 0.003897] [train seg_loss 1.1802 bn_loss 0.2527 acc 89.78]
[epoch 44] [iter 200 / 594 189.4s] [lr 0.003812] [train seg_loss 0.7526 bn_loss 0.2850 acc 83.45]
[epoch 44] [iter 250 / 594 236.6s] [lr 0.003727] [train seg_loss 0.9473 bn_loss 0.1996 acc 93.46]
[epoch 44] [iter 300 / 594 283.6s] [lr 0.003643] [train seg_loss 1.4803 bn_loss 0.2950 acc 77.38]
[epoch 44] [iter 350 / 594 331.2s] [lr 0.003560] [train seg_loss 0.9782 bn_loss 0.3304 acc 87.31]
[epoch 44] [iter 400 / 594 378.7s] [lr 0.003477] [train seg_loss 0.6720 bn_loss 0.2514 acc 90.03]
[epoch 44] [iter 450 / 594 425.8s] [lr 0.003395] [train seg_loss 0.9165 bn_loss 0.2063 acc 90.25]
[epoch 44] [iter 500 / 594 472.8s] [lr 0.003314] [train seg_loss 1.2240 bn_loss 0.2542 acc 90.47]
[epoch 44] [iter 550 / 594 519.9s] [lr 0.003233] [train seg_loss 1.2358 bn_loss 0.3583 acc 75.69]
101.6s Val loss: 0.57 Fscd: 60.55 IoU: 71.90 Sek: 20.83 Accuracy: 86.98
Total time: 36434.3s Best rec: Train acc 86.89, Val Fscd 60.55 acc 86.98 loss 0.5689
[epoch 45] [iter 50 / 594 73.6s] [lr 0.003083] [train seg_loss 0.4526 bn_loss 0.2315 acc 71.90]
[epoch 45] [iter 100 / 594 147.4s] [lr 0.003004] [train seg_loss 0.9608 bn_loss 0.3213 acc 76.28]
[epoch 45] [iter 150 / 594 220.8s] [lr 0.002926] [train seg_loss 0.8472 bn_loss 0.3610 acc 81.22]
[epoch 45] [iter 200 / 594 294.7s] [lr 0.002848] [train seg_loss 0.9131 bn_loss 0.3385 acc 81.77]
[epoch 45] [iter 250 / 594 368.3s] [lr 0.002772] [train seg_loss 0.8091 bn_loss 0.2151 acc 77.80]
[epoch 45] [iter 300 / 594 441.1s] [lr 0.002695] [train seg_loss 0.9362 bn_loss 0.3715 acc 76.27]
[epoch 45] [iter 350 / 594 514.1s] [lr 0.002620] [train seg_loss 0.7202 bn_loss 0.2345 acc 81.47]
[epoch 45] [iter 400 / 594 587.1s] [lr 0.002545] [train seg_loss 0.8760 bn_loss 0.2462 acc 79.39]
[epoch 45] [iter 450 / 594 659.7s] [lr 0.002472] [train seg_loss 0.5831 bn_loss 0.2217 acc 84.04]
[epoch 45] [iter 500 / 594 732.9s] [lr 0.002398] [train seg_loss 0.8120 bn_loss 0.2760 acc 81.02]
[epoch 45] [iter 550 / 594 806.4s] [lr 0.002326] [train seg_loss 0.7617 bn_loss 0.1849 acc 87.42]
Prediction saved!
101.6s Val loss: 0.58 Fscd: 61.12 IoU: 72.21 Sek: 21.24 Accuracy: 87.32
Total time: 37406.8s Best rec: Train acc 86.89, Val Fscd 61.12 acc 87.32 loss 0.5754
[epoch 46] [iter 50 / 594 72.5s] [lr 0.002192] [train seg_loss 0.9037 bn_loss 0.3245 acc 53.70]
[epoch 46] [iter 100 / 594 146.0s] [lr 0.002121] [train seg_loss 0.7726 bn_loss 0.2928 acc 68.37]
[epoch 46] [iter 150 / 594 220.0s] [lr 0.002052] [train seg_loss 0.6157 bn_loss 0.2383 acc 64.75]
[epoch 46] [iter 200 / 594 293.5s] [lr 0.001983] [train seg_loss 0.9660 bn_loss 0.2967 acc 68.73]
[epoch 46] [iter 250 / 594 366.7s] [lr 0.001915] [train seg_loss 0.6148 bn_loss 0.2681 acc 66.47]
[epoch 46] [iter 300 / 594 439.9s] [lr 0.001848] [train seg_loss 0.5025 bn_loss 0.2033 acc 69.66]
[epoch 46] [iter 350 / 594 513.1s] [lr 0.001782] [train seg_loss 0.2778 bn_loss 0.2179 acc 69.22]
[epoch 46] [iter 400 / 594 586.3s] [lr 0.001716] [train seg_loss 1.3203 bn_loss 0.2820 acc 76.40]
[epoch 46] [iter 450 / 594 659.3s] [lr 0.001651] [train seg_loss 0.6981 bn_loss 0.2857 acc 61.66]
[epoch 46] [iter 500 / 594 731.6s] [lr 0.001588] [train seg_loss 0.7321 bn_loss 0.3392 acc 63.68]
[epoch 46] [iter 550 / 594 804.8s] [lr 0.001524] [train seg_loss 0.6036 bn_loss 0.3076 acc 73.09]
101.5s Val loss: 0.62 Fscd: 59.69 IoU: 71.55 Sek: 19.95 Accuracy: 87.08
Total time: 38376.8s Best rec: Train acc 86.89, Val Fscd 61.12 acc 87.32 loss 0.5754
[epoch 47] [iter 50 / 594 73.2s] [lr 0.001408] [train seg_loss 0.9989 bn_loss 0.2674 acc 69.64]
[epoch 47] [iter 100 / 594 146.2s] [lr 0.001348] [train seg_loss 0.4655 bn_loss 0.2173 acc 69.62]
[epoch 47] [iter 150 / 594 218.7s] [lr 0.001288] [train seg_loss 1.0042 bn_loss 0.3702 acc 62.13]
[epoch 47] [iter 200 / 594 291.1s] [lr 0.001229] [train seg_loss 0.3818 bn_loss 0.2058 acc 75.72]
[epoch 47] [iter 250 / 594 364.3s] [lr 0.001172] [train seg_loss 0.8179 bn_loss 0.3675 acc 68.70]
[epoch 47] [iter 300 / 594 437.5s] [lr 0.001115] [train seg_loss 0.6319 bn_loss 0.2296 acc 77.59]
[epoch 47] [iter 350 / 594 510.9s] [lr 0.001059] [train seg_loss 0.3300 bn_loss 0.1860 acc 71.17]
[epoch 47] [iter 400 / 594 583.4s] [lr 0.001004] [train seg_loss 1.0853 bn_loss 0.2716 acc 80.32]
[epoch 47] [iter 450 / 594 656.8s] [lr 0.000950] [train seg_loss 0.5780 bn_loss 0.2306 acc 66.45]
[epoch 47] [iter 500 / 594 729.7s] [lr 0.000897] [train seg_loss 0.7249 bn_loss 0.2481 acc 69.22]
[epoch 47] [iter 550 / 594 803.2s] [lr 0.000845] [train seg_loss 0.3630 bn_loss 0.2584 acc 68.33]
101.3s Val loss: 0.62 Fscd: 60.64 IoU: 72.09 Sek: 20.88 Accuracy: 87.27
Total time: 39345.7s Best rec: Train acc 86.89, Val Fscd 61.12 acc 87.32 loss 0.5754
[epoch 48] [iter 50 / 594 73.2s] [lr 0.000750] [train seg_loss 0.6484 bn_loss 0.2373 acc 76.88]
[epoch 48] [iter 100 / 594 146.8s] [lr 0.000701] [train seg_loss 0.3863 bn_loss 0.2343 acc 73.34]
[epoch 48] [iter 150 / 594 220.5s] [lr 0.000653] [train seg_loss 0.2363 bn_loss 0.2885 acc 62.52]
[epoch 48] [iter 200 / 594 293.8s] [lr 0.000607] [train seg_loss 0.7064 bn_loss 0.4351 acc 54.01]
[epoch 48] [iter 250 / 594 367.1s] [lr 0.000561] [train seg_loss 0.3825 bn_loss 0.1942 acc 68.70]
[epoch 48] [iter 300 / 594 440.8s] [lr 0.000517] [train seg_loss 1.0097 bn_loss 0.2938 acc 75.03]
[epoch 48] [iter 350 / 594 514.0s] [lr 0.000474] [train seg_loss 0.5457 bn_loss 0.2548 acc 68.87]
[epoch 48] [iter 400 / 594 587.2s] [lr 0.000432] [train seg_loss 0.3569 bn_loss 0.2572 acc 72.54]
[epoch 48] [iter 450 / 594 660.5s] [lr 0.000392] [train seg_loss 0.6286 bn_loss 0.3486 acc 55.49]
[epoch 48] [iter 500 / 594 734.3s] [lr 0.000353] [train seg_loss 0.4120 bn_loss 0.2688 acc 68.16]
[epoch 48] [iter 550 / 594 807.3s] [lr 0.000315] [train seg_loss 0.8448 bn_loss 0.3792 acc 69.27]
101.5s Val loss: 0.61 Fscd: 60.61 IoU: 72.10 Sek: 20.98 Accuracy: 87.27
Total time: 40318.9s Best rec: Train acc 86.89, Val Fscd 61.12 acc 87.32 loss 0.5754
[epoch 49] [iter 50 / 594 73.0s] [lr 0.000248] [train seg_loss 0.4078 bn_loss 0.3616 acc 68.55]
[epoch 49] [iter 100 / 594 146.0s] [lr 0.000215] [train seg_loss 0.3893 bn_loss 0.2766 acc 63.82]
[epoch 49] [iter 150 / 594 218.6s] [lr 0.000183] [train seg_loss 0.3515 bn_loss 0.2490 acc 74.10]
[epoch 49] [iter 200 / 594 291.4s] [lr 0.000153] [train seg_loss 0.8776 bn_loss 0.4935 acc 68.02]
[epoch 49] [iter 250 / 594 364.5s] [lr 0.000125] [train seg_loss 0.3264 bn_loss 0.2823 acc 66.22]
[epoch 49] [iter 300 / 594 437.6s] [lr 0.000098] [train seg_loss 0.4297 bn_loss 0.2373 acc 63.46]
[epoch 49] [iter 350 / 594 510.5s] [lr 0.000074] [train seg_loss 0.4367 bn_loss 0.3072 acc 79.35]
[epoch 49] [iter 400 / 594 584.3s] [lr 0.000053] [train seg_loss 0.6637 bn_loss 0.3022 acc 64.83]
[epoch 49] [iter 450 / 594 657.1s] [lr 0.000034] [train seg_loss 0.6136 bn_loss 0.3582 acc 61.53]
[epoch 49] [iter 500 / 594 730.3s] [lr 0.000018] [train seg_loss 0.7989 bn_loss 0.2514 acc 80.94]
[epoch 49] [iter 550 / 594 803.1s] [lr 0.000006] [train seg_loss 0.5128 bn_loss 0.2338 acc 59.52]
101.8s Val loss: 0.61 Fscd: 61.04 IoU: 72.25 Sek: 21.41 Accuracy: 87.12
Total time: 41287.8s Best rec: Train acc 86.89, Val Fscd 61.12 acc 87.32 loss 0.5754
Training finished.
